finding max of list ERROR
max of list given is: 0
