fib(0) = 0
add(0, 0) = 0
fib(1) = 1
add(1, 1) = 2
fib(2) = 1
add(2, 2) = 4
fib(3) = 2
add(3, 3) = 6
fib(4) = 3
add(4, 4) = 8
fib(5) = 5
add(5, 5) = 10
fib(6) = 8
add(6, 6) = 12
fib(7) = 13
add(7, 7) = 14
